Archive member included to satisfy reference by file (symbol)

.pio\build\nanoatmega328\lib34c\libError.a(Error.cpp.o)
                              .pio\build\nanoatmega328\src\main.cpp.o (symbol from plugin) (_ZN5Error5beginEv)
.pio\build\nanoatmega328\libe44\libKeyboard.a(Keyboard.cpp.o)
                              .pio\build\nanoatmega328\src\main.cpp.o (symbol from plugin) (_ZN8KeyboardC1Ev)
.pio\build\nanoatmega328\lib652\libMotor.a(motor.cpp.o)
                              .pio\build\nanoatmega328\src\main.cpp.o (symbol from plugin) (_ZN5MotorC1Ev)
.pio\build\nanoatmega328\lib842\libSwitches.a(Switches.cpp.o)
                              .pio\build\nanoatmega328\src\main.cpp.o (symbol from plugin) (_ZN8Switches5beginEv)
.pio\build\nanoatmega328\lib7eb\libUART.a(UART.cpp.o)
                              .pio\build\nanoatmega328\src\main.cpp.o (symbol from plugin) (_ZN4UARTC1Ev)
.pio\build\nanoatmega328\libFrameworkArduino.a(HardwareSerial.cpp.o)
                              UART.cpp.o (symbol from plugin) (_ZN14HardwareSerial9availableEv)
.pio\build\nanoatmega328\libFrameworkArduino.a(HardwareSerial0.cpp.o)
                              .pio\build\nanoatmega328\src\main.cpp.o (symbol from plugin) (Serial)
.pio\build\nanoatmega328\libFrameworkArduino.a(Print.cpp.o)
                              HardwareSerial.cpp.o (symbol from plugin) (_ZN5Print5writeEPKhj)
.pio\build\nanoatmega328\libFrameworkArduino.a(abi.cpp.o)
                              Print.cpp.o (symbol from plugin) (__cxa_pure_virtual)
.pio\build\nanoatmega328\libFrameworkArduino.a(main.cpp.o)
                              c:/users/eri/.platformio/packages/toolchain-atmelavr/bin/../lib/gcc/avr/7.3.0/../../../../avr/lib/avr5/crtatmega328p.o (main)
.pio\build\nanoatmega328\libFrameworkArduino.a(wiring.c.o)
                              Keyboard.cpp.o (symbol from plugin) (millis)
.pio\build\nanoatmega328\libFrameworkArduino.a(wiring_digital.c.o)
                              motor.cpp.o (symbol from plugin) (pinMode)
.pio\build\nanoatmega328\libFrameworkArduino.a(hooks.c.o)
                              wiring.c.o (symbol from plugin) (yield)
.pio\build\nanoatmega328\libf8d\libWire.a(Wire.cpp.o)
                              Keyboard.cpp.o (symbol from plugin) (Wire)
.pio\build\nanoatmega328\libf8d\libWire.a(twi.c.o)
                              Wire.cpp.o (symbol from plugin) (twi_init)
.pio\build\nanoatmega328\lib7bd\libU8g2.a(U8x8lib.cpp.o)
                              Keyboard.cpp.o (symbol from plugin) (u8x8_gpio_and_delay_arduino)
.pio\build\nanoatmega328\lib7bd\libU8g2.a(u8g2_buffer.c.o)
                              Keyboard.cpp.o (symbol from plugin) (u8g2_FirstPage)
.pio\build\nanoatmega328\lib7bd\libU8g2.a(u8g2_cleardisplay.c.o)
                              Keyboard.cpp.o (symbol from plugin) (u8g2_ClearDisplay)
.pio\build\nanoatmega328\lib7bd\libU8g2.a(u8g2_d_setup.c.o)
                              Keyboard.cpp.o (symbol from plugin) (u8g2_Setup_ssd1306_i2c_128x64_noname_1)
.pio\build\nanoatmega328\lib7bd\libU8g2.a(u8g2_font.c.o)
                              Keyboard.cpp.o (symbol from plugin) (u8g2_DrawGlyph)
.pio\build\nanoatmega328\lib7bd\libU8g2.a(u8g2_fonts.c.o)
                              Keyboard.cpp.o (symbol from plugin) (u8g2_font_helvR08_tf)
.pio\build\nanoatmega328\lib7bd\libU8g2.a(u8g2_hvline.c.o)
                              u8g2_font.c.o (symbol from plugin) (u8g2_DrawHVLine)
.pio\build\nanoatmega328\lib7bd\libU8g2.a(u8g2_intersection.c.o)
                              u8g2_font.c.o (symbol from plugin) (u8g2_IsIntersection)
.pio\build\nanoatmega328\lib7bd\libU8g2.a(u8g2_kerning.c.o)
                              u8g2_font.c.o (symbol from plugin) (u8g2_GetKerning)
.pio\build\nanoatmega328\lib7bd\libU8g2.a(u8g2_ll_hvline.c.o)
                              u8g2_d_setup.c.o (symbol from plugin) (u8g2_ll_hvline_vertical_top_lsb)
.pio\build\nanoatmega328\lib7bd\libU8g2.a(u8g2_setup.c.o)
                              u8g2_d_setup.c.o (symbol from plugin) (u8g2_SetupBuffer)
.pio\build\nanoatmega328\lib7bd\libU8g2.a(u8x8_8x8.c.o)
                              Keyboard.cpp.o (symbol from plugin) (u8x8_ascii_next)
.pio\build\nanoatmega328\lib7bd\libU8g2.a(u8x8_byte.c.o)
                              U8x8lib.cpp.o (symbol from plugin) (u8x8_byte_set_ks0108_cs)
.pio\build\nanoatmega328\lib7bd\libU8g2.a(u8x8_cad.c.o)
                              u8g2_setup.c.o (symbol from plugin) (u8x8_cad_vsendf)
.pio\build\nanoatmega328\lib7bd\libU8g2.a(u8x8_capture.c.o)
                              u8g2_buffer.c.o (symbol from plugin) (u8x8_capture_get_pixel_1)
.pio\build\nanoatmega328\lib7bd\libU8g2.a(u8x8_d_a2printer.c.o)
                              u8g2_d_setup.c.o (symbol from plugin) (u8x8_d_a2printer_384x240)
.pio\build\nanoatmega328\lib7bd\libU8g2.a(u8x8_d_ch1120.c.o)
                              u8g2_d_setup.c.o (symbol from plugin) (u8x8_d_ch1120_128x160)
.pio\build\nanoatmega328\lib7bd\libU8g2.a(u8x8_d_gp1247ai.c.o)
                              u8g2_d_setup.c.o (symbol from plugin) (u8x8_d_gp1247ai_253x63)
.pio\build\nanoatmega328\lib7bd\libU8g2.a(u8x8_d_gp1287ai.c.o)
                              u8g2_d_setup.c.o (symbol from plugin) (u8x8_d_gp1287ai_256x50)
.pio\build\nanoatmega328\lib7bd\libU8g2.a(u8x8_d_gp1294ai.c.o)
                              u8g2_d_setup.c.o (symbol from plugin) (u8x8_d_gp1294ai_256x48)
.pio\build\nanoatmega328\lib7bd\libU8g2.a(u8x8_d_gu800.c.o)
                              u8g2_d_setup.c.o (symbol from plugin) (u8x8_d_gu800_128x64)
.pio\build\nanoatmega328\lib7bd\libU8g2.a(u8x8_d_hd44102.c.o)
                              u8g2_d_setup.c.o (symbol from plugin) (u8x8_d_t7932_150x32)
.pio\build\nanoatmega328\lib7bd\libU8g2.a(u8x8_d_il3820_296x128.c.o)
                              u8g2_d_setup.c.o (symbol from plugin) (u8x8_d_il3820_296x128)
.pio\build\nanoatmega328\lib7bd\libU8g2.a(u8x8_d_ist3020.c.o)
                              u8g2_d_setup.c.o (symbol from plugin) (u8x8_d_ist3020_erc19264)
.pio\build\nanoatmega328\lib7bd\libU8g2.a(u8x8_d_ist3088.c.o)
                              u8g2_d_setup.c.o (symbol from plugin) (u8x8_d_ist3088_320x240)
.pio\build\nanoatmega328\lib7bd\libU8g2.a(u8x8_d_ist7920.c.o)
                              u8g2_d_setup.c.o (symbol from plugin) (u8x8_d_ist7920_128x128)
.pio\build\nanoatmega328\lib7bd\libU8g2.a(u8x8_d_ks0108.c.o)
                              u8g2_d_setup.c.o (symbol from plugin) (u8x8_d_ks0108_128x64)
.pio\build\nanoatmega328\lib7bd\libU8g2.a(u8x8_d_lc7981.c.o)
                              u8g2_d_setup.c.o (symbol from plugin) (u8x8_d_lc7981_160x80)
.pio\build\nanoatmega328\lib7bd\libU8g2.a(u8x8_d_ld7032_60x32.c.o)
                              u8g2_d_setup.c.o (symbol from plugin) (u8x8_d_ld7032_60x32)
.pio\build\nanoatmega328\lib7bd\libU8g2.a(u8x8_d_ls013b7dh03.c.o)
                              u8g2_d_setup.c.o (symbol from plugin) (u8x8_d_ls013b7dh03_128x128)
.pio\build\nanoatmega328\lib7bd\libU8g2.a(u8x8_d_max7219.c.o)
                              u8g2_d_setup.c.o (symbol from plugin) (u8x8_d_max7219_32x8)
.pio\build\nanoatmega328\lib7bd\libU8g2.a(u8x8_d_pcd8544_84x48.c.o)
                              u8g2_d_setup.c.o (symbol from plugin) (u8x8_d_pcd8544_84x48)
.pio\build\nanoatmega328\lib7bd\libU8g2.a(u8x8_d_pcf8812.c.o)
                              u8g2_d_setup.c.o (symbol from plugin) (u8x8_d_pcf8812_96x65)
.pio\build\nanoatmega328\lib7bd\libU8g2.a(u8x8_d_pcf8814_hx1230.c.o)
                              u8g2_d_setup.c.o (symbol from plugin) (u8x8_d_hx1230_96x68)
.pio\build\nanoatmega328\lib7bd\libU8g2.a(u8x8_d_s1d15300.c.o)
                              u8g2_d_setup.c.o (symbol from plugin) (u8x8_d_s1d15300_lm6023)
.pio\build\nanoatmega328\lib7bd\libU8g2.a(u8x8_d_s1d15721.c.o)
                              u8g2_d_setup.c.o (symbol from plugin) (u8x8_d_s1d15721_240x64)
.pio\build\nanoatmega328\lib7bd\libU8g2.a(u8x8_d_s1d15e06.c.o)
                              u8g2_d_setup.c.o (symbol from plugin) (u8x8_d_s1d15e06_160100)
.pio\build\nanoatmega328\lib7bd\libU8g2.a(u8x8_d_sbn1661.c.o)
                              u8g2_d_setup.c.o (symbol from plugin) (u8x8_d_sbn1661_122x32)
.pio\build\nanoatmega328\lib7bd\libU8g2.a(u8x8_d_sed1330.c.o)
                              u8g2_d_setup.c.o (symbol from plugin) (u8x8_d_sed1330_240x128)
.pio\build\nanoatmega328\lib7bd\libU8g2.a(u8x8_d_sh1106_64x32.c.o)
                              u8g2_d_setup.c.o (symbol from plugin) (u8x8_d_sh1106_64x32)
.pio\build\nanoatmega328\lib7bd\libU8g2.a(u8x8_d_sh1106_72x40.c.o)
                              u8g2_d_setup.c.o (symbol from plugin) (u8x8_d_sh1106_72x40_wise)
.pio\build\nanoatmega328\lib7bd\libU8g2.a(u8x8_d_sh1107.c.o)
                              u8g2_d_setup.c.o (symbol from plugin) (u8x8_d_sh1107_64x128)
.pio\build\nanoatmega328\lib7bd\libU8g2.a(u8x8_d_sh1108.c.o)
                              u8g2_d_setup.c.o (symbol from plugin) (u8x8_d_sh1108_160x160)
.pio\build\nanoatmega328\lib7bd\libU8g2.a(u8x8_d_sh1122.c.o)
                              u8g2_d_setup.c.o (symbol from plugin) (u8x8_d_sh1122_256x64)
.pio\build\nanoatmega328\lib7bd\libU8g2.a(u8x8_d_ssd1305.c.o)
                              u8g2_d_setup.c.o (symbol from plugin) (u8x8_d_ssd1305_128x32_noname)
.pio\build\nanoatmega328\lib7bd\libU8g2.a(u8x8_d_ssd1306_128x32.c.o)
                              u8g2_d_setup.c.o (symbol from plugin) (u8x8_d_ssd1306_128x32_univision)
.pio\build\nanoatmega328\lib7bd\libU8g2.a(u8x8_d_ssd1306_128x64_noname.c.o)
                              u8g2_d_setup.c.o (symbol from plugin) (u8x8_d_ssd1306_128x64_noname)
.pio\build\nanoatmega328\lib7bd\libU8g2.a(u8x8_d_ssd1306_2040x16.c.o)
                              u8g2_d_setup.c.o (symbol from plugin) (u8x8_d_ssd1306_2040x16)
.pio\build\nanoatmega328\lib7bd\libU8g2.a(u8x8_d_ssd1306_48x64.c.o)
                              u8g2_d_setup.c.o (symbol from plugin) (u8x8_d_ssd1306_48x64_winstar)
.pio\build\nanoatmega328\lib7bd\libU8g2.a(u8x8_d_ssd1306_64x32.c.o)
                              u8g2_d_setup.c.o (symbol from plugin) (u8x8_d_ssd1306_64x32_noname)
.pio\build\nanoatmega328\lib7bd\libU8g2.a(u8x8_d_ssd1306_64x48.c.o)
                              u8g2_d_setup.c.o (symbol from plugin) (u8x8_d_ssd1306_64x48_er)
.pio\build\nanoatmega328\lib7bd\libU8g2.a(u8x8_d_ssd1306_72x40.c.o)
                              u8g2_d_setup.c.o (symbol from plugin) (u8x8_d_ssd1306_72x40_er)
.pio\build\nanoatmega328\lib7bd\libU8g2.a(u8x8_d_ssd1306_96x16.c.o)
                              u8g2_d_setup.c.o (symbol from plugin) (u8x8_d_ssd1306_96x16_er)
.pio\build\nanoatmega328\lib7bd\libU8g2.a(u8x8_d_ssd1306_96x40.c.o)
                              u8g2_d_setup.c.o (symbol from plugin) (u8x8_d_ssd1306_96x40)
.pio\build\nanoatmega328\lib7bd\libU8g2.a(u8x8_d_ssd1309.c.o)
                              u8g2_d_setup.c.o (symbol from plugin) (u8x8_d_ssd1309_128x64_noname2)
.pio\build\nanoatmega328\lib7bd\libU8g2.a(u8x8_d_ssd1312.c.o)
                              u8g2_d_setup.c.o (symbol from plugin) (u8x8_d_ssd1312_128x32)
.pio\build\nanoatmega328\lib7bd\libU8g2.a(u8x8_d_ssd1315_128x64_noname.c.o)
                              u8g2_d_setup.c.o (symbol from plugin) (u8x8_d_ssd1315_128x64_noname)
.pio\build\nanoatmega328\lib7bd\libU8g2.a(u8x8_d_ssd1316.c.o)
                              u8g2_d_setup.c.o (symbol from plugin) (u8x8_d_ssd1316_128x32)
.pio\build\nanoatmega328\lib7bd\libU8g2.a(u8x8_d_ssd1317.c.o)
                              u8g2_d_setup.c.o (symbol from plugin) (u8x8_d_ssd1317_96x96)
.pio\build\nanoatmega328\lib7bd\libU8g2.a(u8x8_d_ssd1318.c.o)
                              u8g2_d_setup.c.o (symbol from plugin) (u8x8_d_ssd1318_128x96)
.pio\build\nanoatmega328\lib7bd\libU8g2.a(u8x8_d_ssd1320.c.o)
                              u8g2_d_setup.c.o (symbol from plugin) (u8x8_d_ssd1320_160x32)
.pio\build\nanoatmega328\lib7bd\libU8g2.a(u8x8_d_ssd1322.c.o)
                              u8g2_d_setup.c.o (symbol from plugin) (u8x8_d_ssd1322_nhd_256x64)
.pio\build\nanoatmega328\lib7bd\libU8g2.a(u8x8_d_ssd1325.c.o)
                              u8g2_d_setup.c.o (symbol from plugin) (u8x8_d_ssd1325_nhd_128x64)
.pio\build\nanoatmega328\lib7bd\libU8g2.a(u8x8_d_ssd1326.c.o)
                              u8g2_d_setup.c.o (symbol from plugin) (u8x8_d_ssd1326_er_256x32)
.pio\build\nanoatmega328\lib7bd\libU8g2.a(u8x8_d_ssd1327.c.o)
                              u8g2_d_setup.c.o (symbol from plugin) (u8x8_d_ssd1327_ws_96x64)
.pio\build\nanoatmega328\lib7bd\libU8g2.a(u8x8_d_ssd1329.c.o)
                              u8g2_d_setup.c.o (symbol from plugin) (u8x8_d_ssd1329_128x96_noname)
.pio\build\nanoatmega328\lib7bd\libU8g2.a(u8x8_d_ssd1362.c.o)
                              u8g2_d_setup.c.o (symbol from plugin) (u8x8_d_ssd1362_256x64)
.pio\build\nanoatmega328\lib7bd\libU8g2.a(u8x8_d_ssd1362z.c.o)
                              u8g2_d_setup.c.o (symbol from plugin) (u8x8_d_ssd1362z_256x64_oel1m0033we)
.pio\build\nanoatmega328\lib7bd\libU8g2.a(u8x8_d_ssd1363.c.o)
                              u8g2_d_setup.c.o (symbol from plugin) (u8x8_d_ssd1363_256x128)
.pio\build\nanoatmega328\lib7bd\libU8g2.a(u8x8_d_ssd1606_172x72.c.o)
                              u8g2_d_setup.c.o (symbol from plugin) (u8x8_d_ssd1606_172x72)
.pio\build\nanoatmega328\lib7bd\libU8g2.a(u8x8_d_ssd1607_200x200.c.o)
                              u8g2_d_setup.c.o (symbol from plugin) (u8x8_d_ssd1607_200x200)
.pio\build\nanoatmega328\lib7bd\libU8g2.a(u8x8_d_st7302.c.o)
                              u8g2_d_setup.c.o (symbol from plugin) (u8x8_d_st7302_122x250)
.pio\build\nanoatmega328\lib7bd\libU8g2.a(u8x8_d_st7305.c.o)
                              u8g2_d_setup.c.o (symbol from plugin) (u8x8_d_st7305_122x250)
.pio\build\nanoatmega328\lib7bd\libU8g2.a(u8x8_d_st7511.c.o)
                              u8g2_d_setup.c.o (symbol from plugin) (u8x8_d_st7511_avd_320x240)
.pio\build\nanoatmega328\lib7bd\libU8g2.a(u8x8_d_st75160.c.o)
                              u8g2_d_setup.c.o (symbol from plugin) (u8x8_d_st75160_jm16096)
.pio\build\nanoatmega328\lib7bd\libU8g2.a(u8x8_d_st75161.c.o)
                              u8g2_d_setup.c.o (symbol from plugin) (u8x8_d_st75161_jlx160160)
.pio\build\nanoatmega328\lib7bd\libU8g2.a(u8x8_d_st75256.c.o)
                              u8g2_d_setup.c.o (symbol from plugin) (u8x8_d_st75256_jlx256128)
.pio\build\nanoatmega328\lib7bd\libU8g2.a(u8x8_d_st7528.c.o)
                              u8g2_d_setup.c.o (symbol from plugin) (u8x8_d_st7528_nhd_c160100)
.pio\build\nanoatmega328\lib7bd\libU8g2.a(u8x8_d_st75320.c.o)
                              u8g2_d_setup.c.o (symbol from plugin) (u8x8_d_st75320_jlx320240)
.pio\build\nanoatmega328\lib7bd\libU8g2.a(u8x8_d_st7539.c.o)
                              u8g2_d_setup.c.o (symbol from plugin) (u8x8_d_st7539_192x64)
.pio\build\nanoatmega328\lib7bd\libU8g2.a(u8x8_d_st7565.c.o)
                              u8g2_d_setup.c.o (symbol from plugin) (u8x8_d_st7565_ea_dogm128)
.pio\build\nanoatmega328\lib7bd\libU8g2.a(u8x8_d_st7567.c.o)
                              u8g2_d_setup.c.o (symbol from plugin) (u8x8_d_st7567_pi_132x64)
.pio\build\nanoatmega328\lib7bd\libU8g2.a(u8x8_d_st7571.c.o)
                              u8g2_d_setup.c.o (symbol from plugin) (u8x8_d_st7571_128x128)
.pio\build\nanoatmega328\lib7bd\libU8g2.a(u8x8_d_st7586s_erc240160.c.o)
                              u8g2_d_setup.c.o (symbol from plugin) (u8x8_d_st7586s_erc240160)
.pio\build\nanoatmega328\lib7bd\libU8g2.a(u8x8_d_st7586s_jlx320160.c.o)
                              u8g2_d_setup.c.o (symbol from plugin) (u8x8_d_st7586s_jlx320160)
.pio\build\nanoatmega328\lib7bd\libU8g2.a(u8x8_d_st7586s_jlx384160.c.o)
                              u8g2_d_setup.c.o (symbol from plugin) (u8x8_d_st7586s_jlx384160)
.pio\build\nanoatmega328\lib7bd\libU8g2.a(u8x8_d_st7586s_md240128.c.o)
                              u8g2_d_setup.c.o (symbol from plugin) (u8x8_d_st7586s_md240128)
.pio\build\nanoatmega328\lib7bd\libU8g2.a(u8x8_d_st7586s_s028hn118a.c.o)
                              u8g2_d_setup.c.o (symbol from plugin) (u8x8_d_st7586s_s028hn118a)
.pio\build\nanoatmega328\lib7bd\libU8g2.a(u8x8_d_st7586s_ymc240160.c.o)
                              u8g2_d_setup.c.o (symbol from plugin) (u8x8_d_st7586s_ymc240160)
.pio\build\nanoatmega328\lib7bd\libU8g2.a(u8x8_d_st7588.c.o)
                              u8g2_d_setup.c.o (symbol from plugin) (u8x8_d_st7588_jlx12864)
.pio\build\nanoatmega328\lib7bd\libU8g2.a(u8x8_d_st7920.c.o)
                              u8g2_d_setup.c.o (symbol from plugin) (u8x8_d_st7920_128x32)
.pio\build\nanoatmega328\lib7bd\libU8g2.a(u8x8_d_t6963.c.o)
                              u8g2_d_setup.c.o (symbol from plugin) (u8x8_d_t6963_240x128)
.pio\build\nanoatmega328\lib7bd\libU8g2.a(u8x8_d_uc1601.c.o)
                              u8g2_d_setup.c.o (symbol from plugin) (u8x8_d_uc1601_128x32)
.pio\build\nanoatmega328\lib7bd\libU8g2.a(u8x8_d_uc1604.c.o)
                              u8g2_d_setup.c.o (symbol from plugin) (u8x8_d_uc1604_jlx12864)
.pio\build\nanoatmega328\lib7bd\libU8g2.a(u8x8_d_uc1608.c.o)
                              u8g2_d_setup.c.o (symbol from plugin) (u8x8_d_uc1608_erc24064)
.pio\build\nanoatmega328\lib7bd\libU8g2.a(u8x8_d_uc1609.c.o)
                              u8g2_d_setup.c.o (symbol from plugin) (u8x8_d_uc1609_slg19264)
.pio\build\nanoatmega328\lib7bd\libU8g2.a(u8x8_d_uc1610.c.o)
                              u8g2_d_setup.c.o (symbol from plugin) (u8x8_d_uc1610_ea_dogxl160)
.pio\build\nanoatmega328\lib7bd\libU8g2.a(u8x8_d_uc1611.c.o)
                              u8g2_d_setup.c.o (symbol from plugin) (u8x8_d_uc1611_ea_dogm240)
.pio\build\nanoatmega328\lib7bd\libU8g2.a(u8x8_d_uc1617.c.o)
                              u8g2_d_setup.c.o (symbol from plugin) (u8x8_d_uc1617_jlx128128)
.pio\build\nanoatmega328\lib7bd\libU8g2.a(u8x8_d_uc1628.c.o)
                              u8g2_d_setup.c.o (symbol from plugin) (u8x8_d_uc1628_256x128)
.pio\build\nanoatmega328\lib7bd\libU8g2.a(u8x8_d_uc1638.c.o)
                              u8g2_d_setup.c.o (symbol from plugin) (u8x8_d_uc1638_160x128)
.pio\build\nanoatmega328\lib7bd\libU8g2.a(u8x8_d_uc1698.c.o)
                              u8g2_d_setup.c.o (symbol from plugin) (u8x8_d_uc1698_160x160)
.pio\build\nanoatmega328\lib7bd\libU8g2.a(u8x8_d_uc1701_dogs102.c.o)
                              u8g2_d_setup.c.o (symbol from plugin) (u8x8_d_uc1701_ea_dogs102)
.pio\build\nanoatmega328\lib7bd\libU8g2.a(u8x8_d_uc1701_mini12864.c.o)
                              u8g2_d_setup.c.o (symbol from plugin) (u8x8_d_uc1701_mini12864)
.pio\build\nanoatmega328\lib7bd\libU8g2.a(u8x8_display.c.o)
                              u8x8_d_a2printer.c.o (symbol from plugin) (u8x8_d_helper_display_setup_memory)
.pio\build\nanoatmega328\lib7bd\libU8g2.a(u8x8_gpio.c.o)
                              U8x8lib.cpp.o (symbol from plugin) (u8x8_gpio_call)
.pio\build\nanoatmega328\lib7bd\libU8g2.a(u8x8_setup.c.o)
                              u8g2_setup.c.o (symbol from plugin) (u8x8_d_null_cb)
.pio\build\nanoatmega328\lib7bd\libU8g2.a(u8x8_u16toa.c.o)
                              u8x8_capture.c.o (symbol from plugin) (u8x8_utoa)
.pio\build\nanoatmega328\lib7bd\libU8g2.a(u8g2_d_memory.c.o)
                              u8g2_d_setup.c.o (symbol from plugin) (u8g2_m_16_4_1)
.pio\build\nanoatmega328\lib266\libPCF8574 library.a(PCF8574.cpp.o)
                              Keyboard.cpp.o (symbol from plugin) (_ZN7PCF8574C1Eh)
.pio\build\nanoatmega328\lib3bc\libBabelFish.a(BabelFish.cpp.o)
                              UART.cpp.o (symbol from plugin) (_ZN9BabelFish5beginEm)
.pio\build\nanoatmega328\libFrameworkArduino.a(WInterrupts.c.o)
                              PCF8574.cpp.o (symbol from plugin) (attachInterrupt)
.pio\build\nanoatmega328\libe48\libSPI.a(SPI.cpp.o)
                              U8x8lib.cpp.o (symbol from plugin) (_ZN8SPIClass13interruptMaskE)
c:/users/eri/.platformio/packages/toolchain-atmelavr/bin/../lib/gcc/avr/7.3.0/avr5\libgcc.a(_exit.o)
                              c:/users/eri/.platformio/packages/toolchain-atmelavr/bin/../lib/gcc/avr/7.3.0/../../../../avr/lib/avr5/crtatmega328p.o (exit)
c:/users/eri/.platformio/packages/toolchain-atmelavr/bin/../lib/gcc/avr/7.3.0/avr5\libgcc.a(_udivmodsi4.o)
                              C:\Users\ERI\AppData\Local\Temp\ccJmf3Ob.ltrans0.ltrans.o (__udivmodsi4)
c:/users/eri/.platformio/packages/toolchain-atmelavr/bin/../lib/gcc/avr/7.3.0/avr5\libgcc.a(_copy_data.o)
                              C:\Users\ERI\AppData\Local\Temp\ccJmf3Ob.ltrans0.ltrans.o (__do_copy_data)
c:/users/eri/.platformio/packages/toolchain-atmelavr/bin/../lib/gcc/avr/7.3.0/avr5\libgcc.a(_clear_bss.o)
                              C:\Users\ERI\AppData\Local\Temp\ccJmf3Ob.ltrans0.ltrans.o (__do_clear_bss)
c:/users/eri/.platformio/packages/toolchain-atmelavr/bin/../lib/gcc/avr/7.3.0/avr5\libgcc.a(_ctors.o)
                              C:\Users\ERI\AppData\Local\Temp\ccJmf3Ob.ltrans0.ltrans.o (__do_global_ctors)
c:/users/eri/.platformio/packages/toolchain-atmelavr/bin/../lib/gcc/avr/7.3.0/avr5\libgcc.a(_muluhisi3.o)
                              C:\Users\ERI\AppData\Local\Temp\ccJmf3Ob.ltrans0.ltrans.o (__muluhisi3)
c:/users/eri/.platformio/packages/toolchain-atmelavr/bin/../lib/gcc/avr/7.3.0/avr5\libgcc.a(_tablejump2.o)
                              c:/users/eri/.platformio/packages/toolchain-atmelavr/bin/../lib/gcc/avr/7.3.0/avr5\libgcc.a(_ctors.o) (__tablejump2__)
c:/users/eri/.platformio/packages/toolchain-atmelavr/bin/../lib/gcc/avr/7.3.0/avr5\libgcc.a(_umulhisi3.o)
                              c:/users/eri/.platformio/packages/toolchain-atmelavr/bin/../lib/gcc/avr/7.3.0/avr5\libgcc.a(_muluhisi3.o) (__umulhisi3)
c:/users/eri/.platformio/packages/toolchain-atmelavr/bin/../lib/gcc/avr/7.3.0/../../../../avr/lib/avr5\libc.a(memset.o)
                              C:\Users\ERI\AppData\Local\Temp\ccJmf3Ob.ltrans0.ltrans.o (memset)

Discarded input sections

 .data          0x00000000        0x0 c:/users/eri/.platformio/packages/toolchain-atmelavr/bin/../lib/gcc/avr/7.3.0/../../../../avr/lib/avr5/crtatmega328p.o
 .bss           0x00000000        0x0 c:/users/eri/.platformio/packages/toolchain-atmelavr/bin/../lib/gcc/avr/7.3.0/../../../../avr/lib/avr5/crtatmega328p.o
 .text          0x00000000        0x0 .pio\build\nanoatmega328\src\main.cpp.o (symbol from plugin)
 .text          0x00000000        0x0 Error.cpp.o (symbol from plugin)
 .text          0x00000000        0x0 Keyboard.cpp.o (symbol from plugin)
 .gnu.linkonce.t._ZN5Print17availableForWriteEv
                0x00000000        0x0 Keyboard.cpp.o (symbol from plugin)
 .gnu.linkonce.t._ZN5Print5flushEv
                0x00000000        0x0 Keyboard.cpp.o (symbol from plugin)
 .gnu.linkonce.t._ZN4U8G25writeEPKhj
                0x00000000        0x0 Keyboard.cpp.o (symbol from plugin)
 .gnu.linkonce.t._ZN4U8G25writeEh
                0x00000000        0x0 Keyboard.cpp.o (symbol from plugin)
 .gnu.linkonce.t._ZN4U8G25beginEv
                0x00000000        0x0 Keyboard.cpp.o (symbol from plugin)
 .gnu.linkonce.t._ZN4U8G24homeEv
                0x00000000        0x0 Keyboard.cpp.o (symbol from plugin)
 .gnu.linkonce.t._ZN4U8G2C5Ev
                0x00000000        0x0 Keyboard.cpp.o (symbol from plugin)
 .gnu.linkonce.t._ZTV4U8G2
                0x00000000        0x0 Keyboard.cpp.o (symbol from plugin)
 .gnu.linkonce.t._ZN35U8G2_SSD1306_128X64_NONAME_1_HW_I2CC5EPK14u8g2_cb_structhhh
                0x00000000        0x0 Keyboard.cpp.o (symbol from plugin)
 .gnu.linkonce.t._ZTV35U8G2_SSD1306_128X64_NONAME_1_HW_I2C
                0x00000000        0x0 Keyboard.cpp.o (symbol from plugin)
 .text          0x00000000        0x0 motor.cpp.o (symbol from plugin)
 .text          0x00000000        0x0 Switches.cpp.o (symbol from plugin)
 .text          0x00000000        0x0 UART.cpp.o (symbol from plugin)
 .gnu.linkonce.t._ZN14HardwareSerial5beginEm
                0x00000000        0x0 UART.cpp.o (symbol from plugin)
 .gnu.linkonce.t._ZN18BabelFishCommand_tC5Ev
                0x00000000        0x0 UART.cpp.o (symbol from plugin)
 .gnu.linkonce.t._ZN9BabelFishC5Ev
                0x00000000        0x0 UART.cpp.o (symbol from plugin)
 .text          0x00000000        0x0 HardwareSerial.cpp.o (symbol from plugin)
 .gnu.linkonce.t._ZTV14HardwareSerial
                0x00000000        0x0 HardwareSerial.cpp.o (symbol from plugin)
 .text          0x00000000        0x0 HardwareSerial0.cpp.o (symbol from plugin)
 .gnu.linkonce.t._ZN14HardwareSerial16_rx_complete_irqEv
                0x00000000        0x0 HardwareSerial0.cpp.o (symbol from plugin)
 .text          0x00000000        0x0 Print.cpp.o (symbol from plugin)
 .gnu.linkonce.t._ZN5Print17availableForWriteEv
                0x00000000        0x0 Print.cpp.o (symbol from plugin)
 .gnu.linkonce.t._ZN5Print5flushEv
                0x00000000        0x0 Print.cpp.o (symbol from plugin)
 .gnu.linkonce.t._ZN5Print5writeEPKc
                0x00000000        0x0 Print.cpp.o (symbol from plugin)
 .gnu.linkonce.t._ZN5Print5writeEPKcj
                0x00000000        0x0 Print.cpp.o (symbol from plugin)
 .gnu.linkonce.t._ZTV5Print
                0x00000000        0x0 Print.cpp.o (symbol from plugin)
 .text          0x00000000        0x0 abi.cpp.o (symbol from plugin)
 .text          0x00000000        0x0 main.cpp.o (symbol from plugin)
 .text          0x00000000        0x0 wiring.c.o (symbol from plugin)
 .text          0x00000000        0x0 wiring_digital.c.o (symbol from plugin)
 .text          0x00000000        0x0 hooks.c.o (symbol from plugin)
 .text          0x00000000        0x0 Wire.cpp.o (symbol from plugin)
 .gnu.linkonce.t._ZN5Print17availableForWriteEv
                0x00000000        0x0 Wire.cpp.o (symbol from plugin)
 .gnu.linkonce.t._ZTV7TwoWire
                0x00000000        0x0 Wire.cpp.o (symbol from plugin)
 .text          0x00000000        0x0 twi.c.o (symbol from plugin)
 .text          0x00000000        0x0 U8x8lib.cpp.o (symbol from plugin)
 .gnu.linkonce.t._ZN5Print17availableForWriteEv
                0x00000000        0x0 U8x8lib.cpp.o (symbol from plugin)
 .gnu.linkonce.t._ZN5Print5flushEv
                0x00000000        0x0 U8x8lib.cpp.o (symbol from plugin)
 .gnu.linkonce.t._ZN4U8X85writeEPKhj
                0x00000000        0x0 U8x8lib.cpp.o (symbol from plugin)
 .gnu.linkonce.t._ZN11SPISettings16init_MightInlineEmhh
                0x00000000        0x0 U8x8lib.cpp.o (symbol from plugin)
 .gnu.linkonce.t._ZN11SPISettingsC5Emhh
                0x00000000        0x0 U8x8lib.cpp.o (symbol from plugin)
 .gnu.linkonce.t._ZN8SPIClass16beginTransactionE11SPISettings
                0x00000000        0x0 U8x8lib.cpp.o (symbol from plugin)
 .gnu.linkonce.t._ZN8SPIClass8transferEh
                0x00000000        0x0 U8x8lib.cpp.o (symbol from plugin)
 .gnu.linkonce.t._ZN8SPIClass14endTransactionEv
                0x00000000        0x0 U8x8lib.cpp.o (symbol from plugin)
 .gnu.linkonce.t._ZTV4U8X8
                0x00000000        0x0 U8x8lib.cpp.o (symbol from plugin)
 .text          0x00000000        0x0 u8g2_buffer.c.o (symbol from plugin)
 .text          0x00000000        0x0 u8g2_cleardisplay.c.o (symbol from plugin)
 .text          0x00000000        0x0 u8g2_d_setup.c.o (symbol from plugin)
 .text          0x00000000        0x0 u8g2_font.c.o (symbol from plugin)
 .text          0x00000000        0x0 u8g2_fonts.c.o (symbol from plugin)
 .text          0x00000000        0x0 u8g2_hvline.c.o (symbol from plugin)
 .text          0x00000000        0x0 u8g2_intersection.c.o (symbol from plugin)
 .text          0x00000000        0x0 u8g2_kerning.c.o (symbol from plugin)
 .text          0x00000000        0x0 u8g2_ll_hvline.c.o (symbol from plugin)
 .text          0x00000000        0x0 u8g2_setup.c.o (symbol from plugin)
 .text          0x00000000        0x0 u8x8_8x8.c.o (symbol from plugin)
 .text          0x00000000        0x0 u8x8_byte.c.o (symbol from plugin)
 .text          0x00000000        0x0 u8x8_cad.c.o (symbol from plugin)
 .text          0x00000000        0x0 u8x8_capture.c.o (symbol from plugin)
 .text          0x00000000        0x0 u8x8_d_a2printer.c.o (symbol from plugin)
 .text          0x00000000        0x0 u8x8_d_ch1120.c.o (symbol from plugin)
 .text          0x00000000        0x0 u8x8_d_gp1247ai.c.o (symbol from plugin)
 .text          0x00000000        0x0 u8x8_d_gp1287ai.c.o (symbol from plugin)
 .text          0x00000000        0x0 u8x8_d_gp1294ai.c.o (symbol from plugin)
 .text          0x00000000        0x0 u8x8_d_gu800.c.o (symbol from plugin)
 .text          0x00000000        0x0 u8x8_d_hd44102.c.o (symbol from plugin)
 .text          0x00000000        0x0 u8x8_d_il3820_296x128.c.o (symbol from plugin)
 .text          0x00000000        0x0 u8x8_d_ist3020.c.o (symbol from plugin)
 .text          0x00000000        0x0 u8x8_d_ist3088.c.o (symbol from plugin)
 .text          0x00000000        0x0 u8x8_d_ist7920.c.o (symbol from plugin)
 .text          0x00000000        0x0 u8x8_d_ks0108.c.o (symbol from plugin)
 .text          0x00000000        0x0 u8x8_d_lc7981.c.o (symbol from plugin)
 .text          0x00000000        0x0 u8x8_d_ld7032_60x32.c.o (symbol from plugin)
 .text          0x00000000        0x0 u8x8_d_ls013b7dh03.c.o (symbol from plugin)
 .text          0x00000000        0x0 u8x8_d_max7219.c.o (symbol from plugin)
 .text          0x00000000        0x0 u8x8_d_pcd8544_84x48.c.o (symbol from plugin)
 .text          0x00000000        0x0 u8x8_d_pcf8812.c.o (symbol from plugin)
 .text          0x00000000        0x0 u8x8_d_pcf8814_hx1230.c.o (symbol from plugin)
 .text          0x00000000        0x0 u8x8_d_s1d15300.c.o (symbol from plugin)
 .text          0x00000000        0x0 u8x8_d_s1d15721.c.o (symbol from plugin)
 .text          0x00000000        0x0 u8x8_d_s1d15e06.c.o (symbol from plugin)
 .text          0x00000000        0x0 u8x8_d_sbn1661.c.o (symbol from plugin)
 .text          0x00000000        0x0 u8x8_d_sed1330.c.o (symbol from plugin)
 .text          0x00000000        0x0 u8x8_d_sh1106_64x32.c.o (symbol from plugin)
 .text          0x00000000        0x0 u8x8_d_sh1106_72x40.c.o (symbol from plugin)
 .text          0x00000000        0x0 u8x8_d_sh1107.c.o (symbol from plugin)
 .text          0x00000000        0x0 u8x8_d_sh1108.c.o (symbol from plugin)
 .text          0x00000000        0x0 u8x8_d_sh1122.c.o (symbol from plugin)
 .text          0x00000000        0x0 u8x8_d_ssd1305.c.o (symbol from plugin)
 .text          0x00000000        0x0 u8x8_d_ssd1306_128x32.c.o (symbol from plugin)
 .text          0x00000000        0x0 u8x8_d_ssd1306_128x64_noname.c.o (symbol from plugin)
 .text          0x00000000        0x0 u8x8_d_ssd1306_2040x16.c.o (symbol from plugin)
 .text          0x00000000        0x0 u8x8_d_ssd1306_48x64.c.o (symbol from plugin)
 .text          0x00000000        0x0 u8x8_d_ssd1306_64x32.c.o (symbol from plugin)
 .text          0x00000000        0x0 u8x8_d_ssd1306_64x48.c.o (symbol from plugin)
 .text          0x00000000        0x0 u8x8_d_ssd1306_72x40.c.o (symbol from plugin)
 .text          0x00000000        0x0 u8x8_d_ssd1306_96x16.c.o (symbol from plugin)
 .text          0x00000000        0x0 u8x8_d_ssd1306_96x40.c.o (symbol from plugin)
 .text          0x00000000        0x0 u8x8_d_ssd1309.c.o (symbol from plugin)
 .text          0x00000000        0x0 u8x8_d_ssd1312.c.o (symbol from plugin)
 .text          0x00000000        0x0 u8x8_d_ssd1315_128x64_noname.c.o (symbol from plugin)
 .text          0x00000000        0x0 u8x8_d_ssd1316.c.o (symbol from plugin)
 .text          0x00000000        0x0 u8x8_d_ssd1317.c.o (symbol from plugin)
 .text          0x00000000        0x0 u8x8_d_ssd1318.c.o (symbol from plugin)
 .text          0x00000000        0x0 u8x8_d_ssd1320.c.o (symbol from plugin)
 .text          0x00000000        0x0 u8x8_d_ssd1322.c.o (symbol from plugin)
 .text          0x00000000        0x0 u8x8_d_ssd1325.c.o (symbol from plugin)
 .text          0x00000000        0x0 u8x8_d_ssd1326.c.o (symbol from plugin)
 .text          0x00000000        0x0 u8x8_d_ssd1327.c.o (symbol from plugin)
 .text          0x00000000        0x0 u8x8_d_ssd1329.c.o (symbol from plugin)
 .text          0x00000000        0x0 u8x8_d_ssd1362.c.o (symbol from plugin)
 .text          0x00000000        0x0 u8x8_d_ssd1362z.c.o (symbol from plugin)
 .text          0x00000000        0x0 u8x8_d_ssd1363.c.o (symbol from plugin)
 .text          0x00000000        0x0 u8x8_d_ssd1606_172x72.c.o (symbol from plugin)
 .text          0x00000000        0x0 u8x8_d_ssd1607_200x200.c.o (symbol from plugin)
 .text          0x00000000        0x0 u8x8_d_st7302.c.o (symbol from plugin)
 .text          0x00000000        0x0 u8x8_d_st7305.c.o (symbol from plugin)
 .text          0x00000000        0x0 u8x8_d_st7511.c.o (symbol from plugin)
 .text          0x00000000        0x0 u8x8_d_st75160.c.o (symbol from plugin)
 .text          0x00000000        0x0 u8x8_d_st75161.c.o (symbol from plugin)
 .text          0x00000000        0x0 u8x8_d_st75256.c.o (symbol from plugin)
 .text          0x00000000        0x0 u8x8_d_st7528.c.o (symbol from plugin)
 .text          0x00000000        0x0 u8x8_d_st75320.c.o (symbol from plugin)
 .text          0x00000000        0x0 u8x8_d_st7539.c.o (symbol from plugin)
 .text          0x00000000        0x0 u8x8_d_st7565.c.o (symbol from plugin)
 .text          0x00000000        0x0 u8x8_d_st7567.c.o (symbol from plugin)
 .text          0x00000000        0x0 u8x8_d_st7571.c.o (symbol from plugin)
 .text          0x00000000        0x0 u8x8_d_st7586s_erc240160.c.o (symbol from plugin)
 .text          0x00000000        0x0 u8x8_d_st7586s_jlx320160.c.o (symbol from plugin)
 .text          0x00000000        0x0 u8x8_d_st7586s_jlx384160.c.o (symbol from plugin)
 .text          0x00000000        0x0 u8x8_d_st7586s_md240128.c.o (symbol from plugin)
 .text          0x00000000        0x0 u8x8_d_st7586s_s028hn118a.c.o (symbol from plugin)
 .text          0x00000000        0x0 u8x8_d_st7586s_ymc240160.c.o (symbol from plugin)
 .text          0x00000000        0x0 u8x8_d_st7588.c.o (symbol from plugin)
 .text          0x00000000        0x0 u8x8_d_st7920.c.o (symbol from plugin)
 .text          0x00000000        0x0 u8x8_d_t6963.c.o (symbol from plugin)
 .text          0x00000000        0x0 u8x8_d_uc1601.c.o (symbol from plugin)
 .text          0x00000000        0x0 u8x8_d_uc1604.c.o (symbol from plugin)
 .text          0x00000000        0x0 u8x8_d_uc1608.c.o (symbol from plugin)
 .text          0x00000000        0x0 u8x8_d_uc1609.c.o (symbol from plugin)
 .text          0x00000000        0x0 u8x8_d_uc1610.c.o (symbol from plugin)
 .text          0x00000000        0x0 u8x8_d_uc1611.c.o (symbol from plugin)
 .text          0x00000000        0x0 u8x8_d_uc1617.c.o (symbol from plugin)
 .text          0x00000000        0x0 u8x8_d_uc1628.c.o (symbol from plugin)
 .text          0x00000000        0x0 u8x8_d_uc1638.c.o (symbol from plugin)
 .text          0x00000000        0x0 u8x8_d_uc1698.c.o (symbol from plugin)
 .text          0x00000000        0x0 u8x8_d_uc1701_dogs102.c.o (symbol from plugin)
 .text          0x00000000        0x0 u8x8_d_uc1701_mini12864.c.o (symbol from plugin)
 .text          0x00000000        0x0 u8x8_display.c.o (symbol from plugin)
 .text          0x00000000        0x0 u8x8_gpio.c.o (symbol from plugin)
 .text          0x00000000        0x0 u8x8_setup.c.o (symbol from plugin)
 .text          0x00000000        0x0 u8x8_u16toa.c.o (symbol from plugin)
 .text          0x00000000        0x0 u8g2_d_memory.c.o (symbol from plugin)
 .text          0x00000000        0x0 PCF8574.cpp.o (symbol from plugin)
 .text          0x00000000        0x0 BabelFish.cpp.o (symbol from plugin)
 .gnu.linkonce.t._ZN14HardwareSerial5beginEm
                0x00000000        0x0 BabelFish.cpp.o (symbol from plugin)
 .gnu.linkonce.t._ZN18BabelFishCommand_tC5Ev
                0x00000000        0x0 BabelFish.cpp.o (symbol from plugin)
 .text          0x00000000        0x0 WInterrupts.c.o (symbol from plugin)
 .text          0x00000000        0x0 SPI.cpp.o (symbol from plugin)
 .text          0x00000000        0x0 c:/users/eri/.platformio/packages/toolchain-atmelavr/bin/../lib/gcc/avr/7.3.0/avr5\libgcc.a(_exit.o)
 .data          0x00000000        0x0 c:/users/eri/.platformio/packages/toolchain-atmelavr/bin/../lib/gcc/avr/7.3.0/avr5\libgcc.a(_exit.o)
 .bss           0x00000000        0x0 c:/users/eri/.platformio/packages/toolchain-atmelavr/bin/../lib/gcc/avr/7.3.0/avr5\libgcc.a(_exit.o)
 .text.libgcc.mul
                0x00000000        0x0 c:/users/eri/.platformio/packages/toolchain-atmelavr/bin/../lib/gcc/avr/7.3.0/avr5\libgcc.a(_exit.o)
 .text.libgcc.div
                0x00000000        0x0 c:/users/eri/.platformio/packages/toolchain-atmelavr/bin/../lib/gcc/avr/7.3.0/avr5\libgcc.a(_exit.o)
 .text.libgcc   0x00000000        0x0 c:/users/eri/.platformio/packages/toolchain-atmelavr/bin/../lib/gcc/avr/7.3.0/avr5\libgcc.a(_exit.o)
 .text.libgcc.prologue
                0x00000000        0x0 c:/users/eri/.platformio/packages/toolchain-atmelavr/bin/../lib/gcc/avr/7.3.0/avr5\libgcc.a(_exit.o)
 .text.libgcc.builtins
                0x00000000        0x0 c:/users/eri/.platformio/packages/toolchain-atmelavr/bin/../lib/gcc/avr/7.3.0/avr5\libgcc.a(_exit.o)
 .text.libgcc.fmul
                0x00000000        0x0 c:/users/eri/.platformio/packages/toolchain-atmelavr/bin/../lib/gcc/avr/7.3.0/avr5\libgcc.a(_exit.o)
 .text.libgcc.fixed
                0x00000000        0x0 c:/users/eri/.platformio/packages/toolchain-atmelavr/bin/../lib/gcc/avr/7.3.0/avr5\libgcc.a(_exit.o)
 .text          0x00000000        0x0 c:/users/eri/.platformio/packages/toolchain-atmelavr/bin/../lib/gcc/avr/7.3.0/avr5\libgcc.a(_udivmodsi4.o)
 .data          0x00000000        0x0 c:/users/eri/.platformio/packages/toolchain-atmelavr/bin/../lib/gcc/avr/7.3.0/avr5\libgcc.a(_udivmodsi4.o)
 .bss           0x00000000        0x0 c:/users/eri/.platformio/packages/toolchain-atmelavr/bin/../lib/gcc/avr/7.3.0/avr5\libgcc.a(_udivmodsi4.o)
 .text.libgcc.mul
                0x00000000        0x0 c:/users/eri/.platformio/packages/toolchain-atmelavr/bin/../lib/gcc/avr/7.3.0/avr5\libgcc.a(_udivmodsi4.o)
 .text.libgcc   0x00000000        0x0 c:/users/eri/.platformio/packages/toolchain-atmelavr/bin/../lib/gcc/avr/7.3.0/avr5\libgcc.a(_udivmodsi4.o)
 .text.libgcc.prologue
                0x00000000        0x0 c:/users/eri/.platformio/packages/toolchain-atmelavr/bin/../lib/gcc/avr/7.3.0/avr5\libgcc.a(_udivmodsi4.o)
 .text.libgcc.builtins
                0x00000000        0x0 c:/users/eri/.platformio/packages/toolchain-atmelavr/bin/../lib/gcc/avr/7.3.0/avr5\libgcc.a(_udivmodsi4.o)
 .text.libgcc.fmul
                0x00000000        0x0 c:/users/eri/.platformio/packages/toolchain-atmelavr/bin/../lib/gcc/avr/7.3.0/avr5\libgcc.a(_udivmodsi4.o)
 .text.libgcc.fixed
                0x00000000        0x0 c:/users/eri/.platformio/packages/toolchain-atmelavr/bin/../lib/gcc/avr/7.3.0/avr5\libgcc.a(_udivmodsi4.o)
 .text          0x00000000        0x0 c:/users/eri/.platformio/packages/toolchain-atmelavr/bin/../lib/gcc/avr/7.3.0/avr5\libgcc.a(_copy_data.o)
 .data          0x00000000        0x0 c:/users/eri/.platformio/packages/toolchain-atmelavr/bin/../lib/gcc/avr/7.3.0/avr5\libgcc.a(_copy_data.o)
 .bss           0x00000000        0x0 c:/users/eri/.platformio/packages/toolchain-atmelavr/bin/../lib/gcc/avr/7.3.0/avr5\libgcc.a(_copy_data.o)
 .text.libgcc.mul
                0x00000000        0x0 c:/users/eri/.platformio/packages/toolchain-atmelavr/bin/../lib/gcc/avr/7.3.0/avr5\libgcc.a(_copy_data.o)
 .text.libgcc.div
                0x00000000        0x0 c:/users/eri/.platformio/packages/toolchain-atmelavr/bin/../lib/gcc/avr/7.3.0/avr5\libgcc.a(_copy_data.o)
 .text.libgcc   0x00000000        0x0 c:/users/eri/.platformio/packages/toolchain-atmelavr/bin/../lib/gcc/avr/7.3.0/avr5\libgcc.a(_copy_data.o)
 .text.libgcc.prologue
                0x00000000        0x0 c:/users/eri/.platformio/packages/toolchain-atmelavr/bin/../lib/gcc/avr/7.3.0/avr5\libgcc.a(_copy_data.o)
 .text.libgcc.builtins
                0x00000000        0x0 c:/users/eri/.platformio/packages/toolchain-atmelavr/bin/../lib/gcc/avr/7.3.0/avr5\libgcc.a(_copy_data.o)
 .text.libgcc.fmul
                0x00000000        0x0 c:/users/eri/.platformio/packages/toolchain-atmelavr/bin/../lib/gcc/avr/7.3.0/avr5\libgcc.a(_copy_data.o)
 .text.libgcc.fixed
                0x00000000        0x0 c:/users/eri/.platformio/packages/toolchain-atmelavr/bin/../lib/gcc/avr/7.3.0/avr5\libgcc.a(_copy_data.o)
 .text          0x00000000        0x0 c:/users/eri/.platformio/packages/toolchain-atmelavr/bin/../lib/gcc/avr/7.3.0/avr5\libgcc.a(_clear_bss.o)
 .data          0x00000000        0x0 c:/users/eri/.platformio/packages/toolchain-atmelavr/bin/../lib/gcc/avr/7.3.0/avr5\libgcc.a(_clear_bss.o)
 .bss           0x00000000        0x0 c:/users/eri/.platformio/packages/toolchain-atmelavr/bin/../lib/gcc/avr/7.3.0/avr5\libgcc.a(_clear_bss.o)
 .text.libgcc.mul
                0x00000000        0x0 c:/users/eri/.platformio/packages/toolchain-atmelavr/bin/../lib/gcc/avr/7.3.0/avr5\libgcc.a(_clear_bss.o)
 .text.libgcc.div
                0x00000000        0x0 c:/users/eri/.platformio/packages/toolchain-atmelavr/bin/../lib/gcc/avr/7.3.0/avr5\libgcc.a(_clear_bss.o)
 .text.libgcc   0x00000000        0x0 c:/users/eri/.platformio/packages/toolchain-atmelavr/bin/../lib/gcc/avr/7.3.0/avr5\libgcc.a(_clear_bss.o)
 .text.libgcc.prologue
                0x00000000        0x0 c:/users/eri/.platformio/packages/toolchain-atmelavr/bin/../lib/gcc/avr/7.3.0/avr5\libgcc.a(_clear_bss.o)
 .text.libgcc.builtins
                0x00000000        0x0 c:/users/eri/.platformio/packages/toolchain-atmelavr/bin/../lib/gcc/avr/7.3.0/avr5\libgcc.a(_clear_bss.o)
 .text.libgcc.fmul
                0x00000000        0x0 c:/users/eri/.platformio/packages/toolchain-atmelavr/bin/../lib/gcc/avr/7.3.0/avr5\libgcc.a(_clear_bss.o)
 .text.libgcc.fixed
                0x00000000        0x0 c:/users/eri/.platformio/packages/toolchain-atmelavr/bin/../lib/gcc/avr/7.3.0/avr5\libgcc.a(_clear_bss.o)
 .text          0x00000000        0x0 c:/users/eri/.platformio/packages/toolchain-atmelavr/bin/../lib/gcc/avr/7.3.0/avr5\libgcc.a(_ctors.o)
 .data          0x00000000        0x0 c:/users/eri/.platformio/packages/toolchain-atmelavr/bin/../lib/gcc/avr/7.3.0/avr5\libgcc.a(_ctors.o)
 .bss           0x00000000        0x0 c:/users/eri/.platformio/packages/toolchain-atmelavr/bin/../lib/gcc/avr/7.3.0/avr5\libgcc.a(_ctors.o)
 .text.libgcc.mul
                0x00000000        0x0 c:/users/eri/.platformio/packages/toolchain-atmelavr/bin/../lib/gcc/avr/7.3.0/avr5\libgcc.a(_ctors.o)
 .text.libgcc.div
                0x00000000        0x0 c:/users/eri/.platformio/packages/toolchain-atmelavr/bin/../lib/gcc/avr/7.3.0/avr5\libgcc.a(_ctors.o)
 .text.libgcc   0x00000000        0x0 c:/users/eri/.platformio/packages/toolchain-atmelavr/bin/../lib/gcc/avr/7.3.0/avr5\libgcc.a(_ctors.o)
 .text.libgcc.prologue
                0x00000000        0x0 c:/users/eri/.platformio/packages/toolchain-atmelavr/bin/../lib/gcc/avr/7.3.0/avr5\libgcc.a(_ctors.o)
 .text.libgcc.builtins
                0x00000000        0x0 c:/users/eri/.platformio/packages/toolchain-atmelavr/bin/../lib/gcc/avr/7.3.0/avr5\libgcc.a(_ctors.o)
 .text.libgcc.fmul
                0x00000000        0x0 c:/users/eri/.platformio/packages/toolchain-atmelavr/bin/../lib/gcc/avr/7.3.0/avr5\libgcc.a(_ctors.o)
 .text.libgcc.fixed
                0x00000000        0x0 c:/users/eri/.platformio/packages/toolchain-atmelavr/bin/../lib/gcc/avr/7.3.0/avr5\libgcc.a(_ctors.o)
 .text          0x00000000        0x0 c:/users/eri/.platformio/packages/toolchain-atmelavr/bin/../lib/gcc/avr/7.3.0/avr5\libgcc.a(_muluhisi3.o)
 .data          0x00000000        0x0 c:/users/eri/.platformio/packages/toolchain-atmelavr/bin/../lib/gcc/avr/7.3.0/avr5\libgcc.a(_muluhisi3.o)
 .bss           0x00000000        0x0 c:/users/eri/.platformio/packages/toolchain-atmelavr/bin/../lib/gcc/avr/7.3.0/avr5\libgcc.a(_muluhisi3.o)
 .text.libgcc.div
                0x00000000        0x0 c:/users/eri/.platformio/packages/toolchain-atmelavr/bin/../lib/gcc/avr/7.3.0/avr5\libgcc.a(_muluhisi3.o)
 .text.libgcc   0x00000000        0x0 c:/users/eri/.platformio/packages/toolchain-atmelavr/bin/../lib/gcc/avr/7.3.0/avr5\libgcc.a(_muluhisi3.o)
 .text.libgcc.prologue
                0x00000000        0x0 c:/users/eri/.platformio/packages/toolchain-atmelavr/bin/../lib/gcc/avr/7.3.0/avr5\libgcc.a(_muluhisi3.o)
 .text.libgcc.builtins
                0x00000000        0x0 c:/users/eri/.platformio/packages/toolchain-atmelavr/bin/../lib/gcc/avr/7.3.0/avr5\libgcc.a(_muluhisi3.o)
 .text.libgcc.fmul
                0x00000000        0x0 c:/users/eri/.platformio/packages/toolchain-atmelavr/bin/../lib/gcc/avr/7.3.0/avr5\libgcc.a(_muluhisi3.o)
 .text.libgcc.fixed
                0x00000000        0x0 c:/users/eri/.platformio/packages/toolchain-atmelavr/bin/../lib/gcc/avr/7.3.0/avr5\libgcc.a(_muluhisi3.o)
 .text          0x00000000        0x0 c:/users/eri/.platformio/packages/toolchain-atmelavr/bin/../lib/gcc/avr/7.3.0/avr5\libgcc.a(_tablejump2.o)
 .data          0x00000000        0x0 c:/users/eri/.platformio/packages/toolchain-atmelavr/bin/../lib/gcc/avr/7.3.0/avr5\libgcc.a(_tablejump2.o)
 .bss           0x00000000        0x0 c:/users/eri/.platformio/packages/toolchain-atmelavr/bin/../lib/gcc/avr/7.3.0/avr5\libgcc.a(_tablejump2.o)
 .text.libgcc.mul
                0x00000000        0x0 c:/users/eri/.platformio/packages/toolchain-atmelavr/bin/../lib/gcc/avr/7.3.0/avr5\libgcc.a(_tablejump2.o)
 .text.libgcc.div
                0x00000000        0x0 c:/users/eri/.platformio/packages/toolchain-atmelavr/bin/../lib/gcc/avr/7.3.0/avr5\libgcc.a(_tablejump2.o)
 .text.libgcc.prologue
                0x00000000        0x0 c:/users/eri/.platformio/packages/toolchain-atmelavr/bin/../lib/gcc/avr/7.3.0/avr5\libgcc.a(_tablejump2.o)
 .text.libgcc.builtins
                0x00000000        0x0 c:/users/eri/.platformio/packages/toolchain-atmelavr/bin/../lib/gcc/avr/7.3.0/avr5\libgcc.a(_tablejump2.o)
 .text.libgcc.fmul
                0x00000000        0x0 c:/users/eri/.platformio/packages/toolchain-atmelavr/bin/../lib/gcc/avr/7.3.0/avr5\libgcc.a(_tablejump2.o)
 .text.libgcc.fixed
                0x00000000        0x0 c:/users/eri/.platformio/packages/toolchain-atmelavr/bin/../lib/gcc/avr/7.3.0/avr5\libgcc.a(_tablejump2.o)
 .text          0x00000000        0x0 c:/users/eri/.platformio/packages/toolchain-atmelavr/bin/../lib/gcc/avr/7.3.0/avr5\libgcc.a(_umulhisi3.o)
 .data          0x00000000        0x0 c:/users/eri/.platformio/packages/toolchain-atmelavr/bin/../lib/gcc/avr/7.3.0/avr5\libgcc.a(_umulhisi3.o)
 .bss           0x00000000        0x0 c:/users/eri/.platformio/packages/toolchain-atmelavr/bin/../lib/gcc/avr/7.3.0/avr5\libgcc.a(_umulhisi3.o)
 .text.libgcc.div
                0x00000000        0x0 c:/users/eri/.platformio/packages/toolchain-atmelavr/bin/../lib/gcc/avr/7.3.0/avr5\libgcc.a(_umulhisi3.o)
 .text.libgcc   0x00000000        0x0 c:/users/eri/.platformio/packages/toolchain-atmelavr/bin/../lib/gcc/avr/7.3.0/avr5\libgcc.a(_umulhisi3.o)
 .text.libgcc.prologue
                0x00000000        0x0 c:/users/eri/.platformio/packages/toolchain-atmelavr/bin/../lib/gcc/avr/7.3.0/avr5\libgcc.a(_umulhisi3.o)
 .text.libgcc.builtins
                0x00000000        0x0 c:/users/eri/.platformio/packages/toolchain-atmelavr/bin/../lib/gcc/avr/7.3.0/avr5\libgcc.a(_umulhisi3.o)
 .text.libgcc.fmul
                0x00000000        0x0 c:/users/eri/.platformio/packages/toolchain-atmelavr/bin/../lib/gcc/avr/7.3.0/avr5\libgcc.a(_umulhisi3.o)
 .text.libgcc.fixed
                0x00000000        0x0 c:/users/eri/.platformio/packages/toolchain-atmelavr/bin/../lib/gcc/avr/7.3.0/avr5\libgcc.a(_umulhisi3.o)
 .text          0x00000000        0x0 c:/users/eri/.platformio/packages/toolchain-atmelavr/bin/../lib/gcc/avr/7.3.0/../../../../avr/lib/avr5\libc.a(memset.o)
 .data          0x00000000        0x0 c:/users/eri/.platformio/packages/toolchain-atmelavr/bin/../lib/gcc/avr/7.3.0/../../../../avr/lib/avr5\libc.a(memset.o)
 .bss           0x00000000        0x0 c:/users/eri/.platformio/packages/toolchain-atmelavr/bin/../lib/gcc/avr/7.3.0/../../../../avr/lib/avr5\libc.a(memset.o)

Memory Configuration

Name             Origin             Length             Attributes
text             0x00000000         0x00020000         xr
data             0x00800060         0x0000ffa0         rw !x
eeprom           0x00810000         0x00010000         rw !x
fuse             0x00820000         0x00000003         rw !x
lock             0x00830000         0x00000400         rw !x
signature        0x00840000         0x00000400         rw !x
user_signatures  0x00850000         0x00000400         rw !x
*default*        0x00000000         0xffffffff

Linker script and memory map

Address of section .data set to 0x800100
LOAD c:/users/eri/.platformio/packages/toolchain-atmelavr/bin/../lib/gcc/avr/7.3.0/../../../../avr/lib/avr5/crtatmega328p.o
LOAD .pio\build\nanoatmega328\src\main.cpp.o
LOAD C:\Users\ERI\AppData\Local\Temp\ccJmf3Ob.ltrans0.ltrans.o
START GROUP
LOAD .pio\build\nanoatmega328\libe48\libSPI.a
LOAD .pio\build\nanoatmega328\libf8d\libWire.a
LOAD .pio\build\nanoatmega328\lib7bd\libU8g2.a
LOAD .pio\build\nanoatmega328\lib266\libPCF8574 library.a
LOAD .pio\build\nanoatmega328\lib34c\libError.a
LOAD .pio\build\nanoatmega328\libe44\libKeyboard.a
LOAD .pio\build\nanoatmega328\lib652\libMotor.a
LOAD .pio\build\nanoatmega328\lib842\libSwitches.a
LOAD .pio\build\nanoatmega328\lib3bc\libBabelFish.a
LOAD .pio\build\nanoatmega328\lib7eb\libUART.a
LOAD .pio\build\nanoatmega328\libFrameworkArduinoVariant.a
LOAD .pio\build\nanoatmega328\libFrameworkArduino.a
END GROUP
LOAD c:/users/eri/.platformio/packages/toolchain-atmelavr/bin/../lib/gcc/avr/7.3.0/avr5\libgcc.a
LOAD c:/users/eri/.platformio/packages/toolchain-atmelavr/bin/../lib/gcc/avr/7.3.0/../../../../avr/lib/avr5\libm.a
START GROUP
LOAD c:/users/eri/.platformio/packages/toolchain-atmelavr/bin/../lib/gcc/avr/7.3.0/avr5\libgcc.a
LOAD c:/users/eri/.platformio/packages/toolchain-atmelavr/bin/../lib/gcc/avr/7.3.0/../../../../avr/lib/avr5\libm.a
LOAD c:/users/eri/.platformio/packages/toolchain-atmelavr/bin/../lib/gcc/avr/7.3.0/../../../../avr/lib/avr5\libc.a
LOAD c:/users/eri/.platformio/packages/toolchain-atmelavr/bin/../lib/gcc/avr/7.3.0/../../../../avr/lib/avr5\libatmega328p.a
END GROUP
                0x00020000                __TEXT_REGION_LENGTH__ = DEFINED (__TEXT_REGION_LENGTH__)?__TEXT_REGION_LENGTH__:0x20000
                0x0000ffa0                __DATA_REGION_LENGTH__ = DEFINED (__DATA_REGION_LENGTH__)?__DATA_REGION_LENGTH__:0xffa0
                0x00010000                __EEPROM_REGION_LENGTH__ = DEFINED (__EEPROM_REGION_LENGTH__)?__EEPROM_REGION_LENGTH__:0x10000
                [0x00000003]                __FUSE_REGION_LENGTH__ = DEFINED (__FUSE_REGION_LENGTH__)?__FUSE_REGION_LENGTH__:0x400
                0x00000400                __LOCK_REGION_LENGTH__ = DEFINED (__LOCK_REGION_LENGTH__)?__LOCK_REGION_LENGTH__:0x400
                0x00000400                __SIGNATURE_REGION_LENGTH__ = DEFINED (__SIGNATURE_REGION_LENGTH__)?__SIGNATURE_REGION_LENGTH__:0x400
                0x00000400                __USER_SIGNATURE_REGION_LENGTH__ = DEFINED (__USER_SIGNATURE_REGION_LENGTH__)?__USER_SIGNATURE_REGION_LENGTH__:0x400

.hash
 *(.hash)

.dynsym
 *(.dynsym)

.dynstr
 *(.dynstr)

.gnu.version
 *(.gnu.version)

.gnu.version_d
 *(.gnu.version_d)

.gnu.version_r
 *(.gnu.version_r)

.rel.init
 *(.rel.init)

.rela.init
 *(.rela.init)

.rel.text
 *(.rel.text)
 *(.rel.text.*)
 *(.rel.gnu.linkonce.t*)

.rela.text
 *(.rela.text)
 *(.rela.text.*)
 *(.rela.gnu.linkonce.t*)

.rel.fini
 *(.rel.fini)

.rela.fini
 *(.rela.fini)

.rel.rodata
 *(.rel.rodata)
 *(.rel.rodata.*)
 *(.rel.gnu.linkonce.r*)

.rela.rodata
 *(.rela.rodata)
 *(.rela.rodata.*)
 *(.rela.gnu.linkonce.r*)

.rel.data
 *(.rel.data)
 *(.rel.data.*)
 *(.rel.gnu.linkonce.d*)

.rela.data
 *(.rela.data)
 *(.rela.data.*)
 *(.rela.gnu.linkonce.d*)

.rel.ctors
 *(.rel.ctors)

.rela.ctors
 *(.rela.ctors)

.rel.dtors
 *(.rel.dtors)

.rela.dtors
 *(.rela.dtors)

.rel.got
 *(.rel.got)

.rela.got
 *(.rela.got)

.rel.bss
 *(.rel.bss)

.rela.bss
 *(.rela.bss)

.rel.plt
 *(.rel.plt)

.rela.plt
 *(.rela.plt)

.text           0x00000000     0x4fec
 *(.vectors)
 .vectors       0x00000000       0x68 c:/users/eri/.platformio/packages/toolchain-atmelavr/bin/../lib/gcc/avr/7.3.0/../../../../avr/lib/avr5/crtatmega328p.o
                0x00000000                __vectors
                0x00000000                __vector_default
 *(.vectors)
 *(.progmem.gcc*)
                0x00000068                . = ALIGN (0x2)
                0x00000068                __trampolines_start = .
 *(.trampolines)
 .trampolines   0x00000068        0x0 linker stubs
 *(.trampolines*)
                0x00000068                __trampolines_end = .
 *libprintf_flt.a:*(.progmem.data)
 *libc.a:*(.progmem.data)
 *(.progmem*)
 .progmem.data  0x00000068       0xf8 C:\Users\ERI\AppData\Local\Temp\ccJmf3Ob.ltrans0.ltrans.o
 .progmem.u8g2_font_helvR08_tf
                0x00000160      0x884 C:\Users\ERI\AppData\Local\Temp\ccJmf3Ob.ltrans0.ltrans.o
 .progmem.u8g2_font_6x12_tf
                0x000009e4      0x7c5 C:\Users\ERI\AppData\Local\Temp\ccJmf3Ob.ltrans0.ltrans.o
                0x000011aa                . = ALIGN (0x2)
 *fill*         0x000011a9        0x1 
 *(.jumptables)
 *(.jumptables*)
 *(.lowtext)
 *(.lowtext*)
                0x000011aa                __ctors_start = .
 *(.ctors)
 .ctors         0x000011aa        0x2 C:\Users\ERI\AppData\Local\Temp\ccJmf3Ob.ltrans0.ltrans.o
                0x000011ac                __ctors_end = .
                0x000011ac                __dtors_start = .
 *(.dtors)
                0x000011ac                __dtors_end = .
 SORT(*)(.ctors)
 SORT(*)(.dtors)
 *(.init0)
 .init0         0x000011ac        0x0 c:/users/eri/.platformio/packages/toolchain-atmelavr/bin/../lib/gcc/avr/7.3.0/../../../../avr/lib/avr5/crtatmega328p.o
                0x000011ac                __init
 *(.init0)
 *(.init1)
 *(.init1)
 *(.init2)
 .init2         0x000011ac        0xc c:/users/eri/.platformio/packages/toolchain-atmelavr/bin/../lib/gcc/avr/7.3.0/../../../../avr/lib/avr5/crtatmega328p.o
 *(.init2)
 *(.init3)
 *(.init3)
 *(.init4)
 .init4         0x000011b8       0x16 c:/users/eri/.platformio/packages/toolchain-atmelavr/bin/../lib/gcc/avr/7.3.0/avr5\libgcc.a(_copy_data.o)
                0x000011b8                __do_copy_data
 .init4         0x000011ce       0x10 c:/users/eri/.platformio/packages/toolchain-atmelavr/bin/../lib/gcc/avr/7.3.0/avr5\libgcc.a(_clear_bss.o)
                0x000011ce                __do_clear_bss
 *(.init4)
 *(.init5)
 *(.init5)
 *(.init6)
 .init6         0x000011de       0x16 c:/users/eri/.platformio/packages/toolchain-atmelavr/bin/../lib/gcc/avr/7.3.0/avr5\libgcc.a(_ctors.o)
                0x000011de                __do_global_ctors
 *(.init6)
 *(.init7)
 *(.init7)
 *(.init8)
 *(.init8)
 *(.init9)
 .init9         0x000011f4        0x8 c:/users/eri/.platformio/packages/toolchain-atmelavr/bin/../lib/gcc/avr/7.3.0/../../../../avr/lib/avr5/crtatmega328p.o
 *(.init9)
 *(.text)
 .text          0x000011fc        0x4 c:/users/eri/.platformio/packages/toolchain-atmelavr/bin/../lib/gcc/avr/7.3.0/../../../../avr/lib/avr5/crtatmega328p.o
                0x000011fc                __vector_21
                0x000011fc                __vector_22
                0x000011fc                __vector_20
                0x000011fc                __vector_23
                0x000011fc                __vector_25
                0x000011fc                __vector_12
                0x000011fc                __vector_13
                0x000011fc                __vector_10
                0x000011fc                __vector_3
                0x000011fc                __vector_4
                0x000011fc                __vector_9
                0x000011fc                __vector_7
                0x000011fc                __vector_6
                0x000011fc                __vector_5
                0x000011fc                __vector_8
                0x000011fc                __vector_15
                0x000011fc                __vector_14
                0x000011fc                __vector_17
                0x000011fc                __bad_interrupt
 .text          0x00001200     0x2dcc C:\Users\ERI\AppData\Local\Temp\ccJmf3Ob.ltrans0.ltrans.o
                0x00003986                __vector_2
                0x000039d4                __vector_1
                0x00003a22                __vector_24
                0x00003c60                __vector_16
                0x00003cf4                __vector_19
                0x00003d40                __vector_18
                0x00003da4                __vector_11
                0x00003fcc                . = ALIGN (0x2)
 *(.text.*)
 .text.unlikely
                0x00003fcc       0x58 C:\Users\ERI\AppData\Local\Temp\ccJmf3Ob.ltrans0.ltrans.o
 .text.startup  0x00004024      0xf32 C:\Users\ERI\AppData\Local\Temp\ccJmf3Ob.ltrans0.ltrans.o
                0x0000441e                main
 .text.libgcc.div
                0x00004f56       0x44 c:/users/eri/.platformio/packages/toolchain-atmelavr/bin/../lib/gcc/avr/7.3.0/avr5\libgcc.a(_udivmodsi4.o)
                0x00004f56                __udivmodsi4
 .text.libgcc.mul
                0x00004f9a       0x16 c:/users/eri/.platformio/packages/toolchain-atmelavr/bin/../lib/gcc/avr/7.3.0/avr5\libgcc.a(_muluhisi3.o)
                0x00004f9a                __muluhisi3
 .text.libgcc   0x00004fb0        0xc c:/users/eri/.platformio/packages/toolchain-atmelavr/bin/../lib/gcc/avr/7.3.0/avr5\libgcc.a(_tablejump2.o)
                0x00004fb0                __tablejump2__
 .text.libgcc.mul
                0x00004fbc       0x1e c:/users/eri/.platformio/packages/toolchain-atmelavr/bin/../lib/gcc/avr/7.3.0/avr5\libgcc.a(_umulhisi3.o)
                0x00004fbc                __umulhisi3
 .text.avr-libc
                0x00004fda        0xe c:/users/eri/.platformio/packages/toolchain-atmelavr/bin/../lib/gcc/avr/7.3.0/../../../../avr/lib/avr5\libc.a(memset.o)
                0x00004fda                memset
                0x00004fe8                . = ALIGN (0x2)
 *(.fini9)
 .fini9         0x00004fe8        0x0 c:/users/eri/.platformio/packages/toolchain-atmelavr/bin/../lib/gcc/avr/7.3.0/avr5\libgcc.a(_exit.o)
                0x00004fe8                exit
                0x00004fe8                _exit
 *(.fini9)
 *(.fini8)
 *(.fini8)
 *(.fini7)
 *(.fini7)
 *(.fini6)
 *(.fini6)
 *(.fini5)
 *(.fini5)
 *(.fini4)
 *(.fini4)
 *(.fini3)
 *(.fini3)
 *(.fini2)
 *(.fini2)
 *(.fini1)
 *(.fini1)
 *(.fini0)
 .fini0         0x00004fe8        0x4 c:/users/eri/.platformio/packages/toolchain-atmelavr/bin/../lib/gcc/avr/7.3.0/avr5\libgcc.a(_exit.o)
 *(.fini0)
                0x00004fec                _etext = .

.data           0x00800100      0x222 load address 0x00004fec
                0x00800100                PROVIDE (__data_start, .)
 *(.data)
 .data          0x00800100        0x4 C:\Users\ERI\AppData\Local\Temp\ccJmf3Ob.ltrans0.ltrans.o
 *(.data*)
 *(.gnu.linkonce.d*)
 *(.rodata)
 .rodata        0x00800104      0x169 C:\Users\ERI\AppData\Local\Temp\ccJmf3Ob.ltrans0.ltrans.o
 *(.rodata*)
 .rodata.str1.1
                0x0080026d       0xb5 C:\Users\ERI\AppData\Local\Temp\ccJmf3Ob.ltrans0.ltrans.o
                                 0xda (size before relaxing)
 *(.gnu.linkonce.r*)
                0x00800322                . = ALIGN (0x2)
                0x00800322                _edata = .
                0x00800322                PROVIDE (__data_end, .)

.bss            0x00800322      0x3b8
                0x00800322                PROVIDE (__bss_start, .)
 *(.bss)
 .bss           0x00800322      0x3b8 C:\Users\ERI\AppData\Local\Temp\ccJmf3Ob.ltrans0.ltrans.o
 *(.bss*)
 *(COMMON)
                0x008006da                PROVIDE (__bss_end, .)
                0x00004fec                __data_load_start = LOADADDR (.data)
                0x0000520e                __data_load_end = (__data_load_start + SIZEOF (.data))

.noinit         0x008006da        0x0
                [!provide]                PROVIDE (__noinit_start, .)
 *(.noinit*)
                [!provide]                PROVIDE (__noinit_end, .)
                0x008006da                _end = .
                [!provide]                PROVIDE (__heap_start, .)

.eeprom         0x00810000        0x0
 *(.eeprom*)
                0x00810000                __eeprom_end = .

.fuse
 *(.fuse)
 *(.lfuse)
 *(.hfuse)
 *(.efuse)

.lock
 *(.lock*)

.signature
 *(.signature*)

.user_signatures
 *(.user_signatures*)

.stab
 *(.stab)

.stabstr
 *(.stabstr)

.stab.excl
 *(.stab.excl)

.stab.exclstr
 *(.stab.exclstr)

.stab.index
 *(.stab.index)

.stab.indexstr
 *(.stab.indexstr)

.comment        0x00000000       0x11
 *(.comment)
 .comment       0x00000000       0x11 C:\Users\ERI\AppData\Local\Temp\ccJmf3Ob.ltrans0.ltrans.o
                                 0x12 (size before relaxing)

.note.gnu.avr.deviceinfo
                0x00000000       0x40
 .note.gnu.avr.deviceinfo
                0x00000000       0x40 c:/users/eri/.platformio/packages/toolchain-atmelavr/bin/../lib/gcc/avr/7.3.0/../../../../avr/lib/avr5/crtatmega328p.o

.note.gnu.build-id
 *(.note.gnu.build-id)

.debug
 *(.debug)

.line
 *(.line)

.debug_srcinfo
 *(.debug_srcinfo)

.debug_sfnames
 *(.debug_sfnames)

.debug_aranges  0x00000000      0x100
 *(.debug_aranges)
 .debug_aranges
                0x00000000       0x20 c:/users/eri/.platformio/packages/toolchain-atmelavr/bin/../lib/gcc/avr/7.3.0/avr5\libgcc.a(_exit.o)
 .debug_aranges
                0x00000020       0x20 c:/users/eri/.platformio/packages/toolchain-atmelavr/bin/../lib/gcc/avr/7.3.0/avr5\libgcc.a(_udivmodsi4.o)
 .debug_aranges
                0x00000040       0x20 c:/users/eri/.platformio/packages/toolchain-atmelavr/bin/../lib/gcc/avr/7.3.0/avr5\libgcc.a(_copy_data.o)
 .debug_aranges
                0x00000060       0x20 c:/users/eri/.platformio/packages/toolchain-atmelavr/bin/../lib/gcc/avr/7.3.0/avr5\libgcc.a(_clear_bss.o)
 .debug_aranges
                0x00000080       0x20 c:/users/eri/.platformio/packages/toolchain-atmelavr/bin/../lib/gcc/avr/7.3.0/avr5\libgcc.a(_ctors.o)
 .debug_aranges
                0x000000a0       0x20 c:/users/eri/.platformio/packages/toolchain-atmelavr/bin/../lib/gcc/avr/7.3.0/avr5\libgcc.a(_muluhisi3.o)
 .debug_aranges
                0x000000c0       0x20 c:/users/eri/.platformio/packages/toolchain-atmelavr/bin/../lib/gcc/avr/7.3.0/avr5\libgcc.a(_tablejump2.o)
 .debug_aranges
                0x000000e0       0x20 c:/users/eri/.platformio/packages/toolchain-atmelavr/bin/../lib/gcc/avr/7.3.0/avr5\libgcc.a(_umulhisi3.o)

.debug_pubnames
 *(.debug_pubnames)

.debug_info     0x00000000      0xbcc
 *(.debug_info .gnu.linkonce.wi.*)
 .debug_info    0x00000000      0x5f4 c:/users/eri/.platformio/packages/toolchain-atmelavr/bin/../lib/gcc/avr/7.3.0/../../../../avr/lib/avr5/crtatmega328p.o
 .debug_info    0x000005f4       0xbb c:/users/eri/.platformio/packages/toolchain-atmelavr/bin/../lib/gcc/avr/7.3.0/avr5\libgcc.a(_exit.o)
 .debug_info    0x000006af       0xbb c:/users/eri/.platformio/packages/toolchain-atmelavr/bin/../lib/gcc/avr/7.3.0/avr5\libgcc.a(_udivmodsi4.o)
 .debug_info    0x0000076a       0xbb c:/users/eri/.platformio/packages/toolchain-atmelavr/bin/../lib/gcc/avr/7.3.0/avr5\libgcc.a(_copy_data.o)
 .debug_info    0x00000825       0xbb c:/users/eri/.platformio/packages/toolchain-atmelavr/bin/../lib/gcc/avr/7.3.0/avr5\libgcc.a(_clear_bss.o)
 .debug_info    0x000008e0       0xbb c:/users/eri/.platformio/packages/toolchain-atmelavr/bin/../lib/gcc/avr/7.3.0/avr5\libgcc.a(_ctors.o)
 .debug_info    0x0000099b       0xbb c:/users/eri/.platformio/packages/toolchain-atmelavr/bin/../lib/gcc/avr/7.3.0/avr5\libgcc.a(_muluhisi3.o)
 .debug_info    0x00000a56       0xbb c:/users/eri/.platformio/packages/toolchain-atmelavr/bin/../lib/gcc/avr/7.3.0/avr5\libgcc.a(_tablejump2.o)
 .debug_info    0x00000b11       0xbb c:/users/eri/.platformio/packages/toolchain-atmelavr/bin/../lib/gcc/avr/7.3.0/avr5\libgcc.a(_umulhisi3.o)

.debug_abbrev   0x00000000      0x642
 *(.debug_abbrev)
 .debug_abbrev  0x00000000      0x5a2 c:/users/eri/.platformio/packages/toolchain-atmelavr/bin/../lib/gcc/avr/7.3.0/../../../../avr/lib/avr5/crtatmega328p.o
 .debug_abbrev  0x000005a2       0x14 c:/users/eri/.platformio/packages/toolchain-atmelavr/bin/../lib/gcc/avr/7.3.0/avr5\libgcc.a(_exit.o)
 .debug_abbrev  0x000005b6       0x14 c:/users/eri/.platformio/packages/toolchain-atmelavr/bin/../lib/gcc/avr/7.3.0/avr5\libgcc.a(_udivmodsi4.o)
 .debug_abbrev  0x000005ca       0x14 c:/users/eri/.platformio/packages/toolchain-atmelavr/bin/../lib/gcc/avr/7.3.0/avr5\libgcc.a(_copy_data.o)
 .debug_abbrev  0x000005de       0x14 c:/users/eri/.platformio/packages/toolchain-atmelavr/bin/../lib/gcc/avr/7.3.0/avr5\libgcc.a(_clear_bss.o)
 .debug_abbrev  0x000005f2       0x14 c:/users/eri/.platformio/packages/toolchain-atmelavr/bin/../lib/gcc/avr/7.3.0/avr5\libgcc.a(_ctors.o)
 .debug_abbrev  0x00000606       0x14 c:/users/eri/.platformio/packages/toolchain-atmelavr/bin/../lib/gcc/avr/7.3.0/avr5\libgcc.a(_muluhisi3.o)
 .debug_abbrev  0x0000061a       0x14 c:/users/eri/.platformio/packages/toolchain-atmelavr/bin/../lib/gcc/avr/7.3.0/avr5\libgcc.a(_tablejump2.o)
 .debug_abbrev  0x0000062e       0x14 c:/users/eri/.platformio/packages/toolchain-atmelavr/bin/../lib/gcc/avr/7.3.0/avr5\libgcc.a(_umulhisi3.o)

.debug_line     0x00000000      0x50a
 *(.debug_line .debug_line.* .debug_line_end)
 .debug_line    0x00000000       0x1a c:/users/eri/.platformio/packages/toolchain-atmelavr/bin/../lib/gcc/avr/7.3.0/../../../../avr/lib/avr5/crtatmega328p.o
 .debug_line    0x0000001a       0x62 c:/users/eri/.platformio/packages/toolchain-atmelavr/bin/../lib/gcc/avr/7.3.0/avr5\libgcc.a(_exit.o)
 .debug_line    0x0000007c      0x122 c:/users/eri/.platformio/packages/toolchain-atmelavr/bin/../lib/gcc/avr/7.3.0/avr5\libgcc.a(_udivmodsi4.o)
 .debug_line    0x0000019e       0x98 c:/users/eri/.platformio/packages/toolchain-atmelavr/bin/../lib/gcc/avr/7.3.0/avr5\libgcc.a(_copy_data.o)
 .debug_line    0x00000236       0x86 c:/users/eri/.platformio/packages/toolchain-atmelavr/bin/../lib/gcc/avr/7.3.0/avr5\libgcc.a(_clear_bss.o)
 .debug_line    0x000002bc       0x92 c:/users/eri/.platformio/packages/toolchain-atmelavr/bin/../lib/gcc/avr/7.3.0/avr5\libgcc.a(_ctors.o)
 .debug_line    0x0000034e       0x92 c:/users/eri/.platformio/packages/toolchain-atmelavr/bin/../lib/gcc/avr/7.3.0/avr5\libgcc.a(_muluhisi3.o)
 .debug_line    0x000003e0       0x7a c:/users/eri/.platformio/packages/toolchain-atmelavr/bin/../lib/gcc/avr/7.3.0/avr5\libgcc.a(_tablejump2.o)
 .debug_line    0x0000045a       0xb0 c:/users/eri/.platformio/packages/toolchain-atmelavr/bin/../lib/gcc/avr/7.3.0/avr5\libgcc.a(_umulhisi3.o)

.debug_frame
 *(.debug_frame)

.debug_str      0x00000000      0x208
 *(.debug_str)
 .debug_str     0x00000000      0x208 c:/users/eri/.platformio/packages/toolchain-atmelavr/bin/../lib/gcc/avr/7.3.0/../../../../avr/lib/avr5/crtatmega328p.o

.debug_loc
 *(.debug_loc)

.debug_macinfo
 *(.debug_macinfo)

.debug_weaknames
 *(.debug_weaknames)

.debug_funcnames
 *(.debug_funcnames)

.debug_typenames
 *(.debug_typenames)

.debug_varnames
 *(.debug_varnames)

.debug_pubtypes
 *(.debug_pubtypes)

.debug_ranges
 *(.debug_ranges)

.debug_macro
 *(.debug_macro)
OUTPUT(.pio\build\nanoatmega328\firmware.elf elf32-avr)
LOAD linker stubs
